<testsuite name="Django Project Tests" errors="0" failures="0" skips="0" tests="34" time="0.922"><testcase time="0.000000" classname="Employee.test.test_models.EmployeeTestCase" name="test_create_emp" /><testcase time="0.156256" classname="Employee.test.test_views.TestEmployeeViews" name="test_details" /><testcase time="0.031238" classname="Employee.test.test_views.TestEmployeeViews" name="test_edit" /><testcase time="0.031228" classname="Employee.test.test_views.TestEmployeeViews" name="test_employeeEdit" /><testcase time="0.062502" classname="Employee.test.test_views.TestEmployeeViews" name="test_employeeUpdate" /><testcase time="0.015621" classname="Employee.test.test_views.TestEmployeeViews" name="test_employeeUpdate_address_validation" /><testcase time="0.031249" classname="Employee.test.test_views.TestEmployeeViews" name="test_employeeUpdate_name_validation" /><testcase time="0.015642" classname="Employee.test.test_views.TestEmployeeViews" name="test_register_GET" /><testcase time="0.015623" classname="Employee.test.test_views.TestEmployeeViews" name="test_register_POST" /><testcase time="0.015597" classname="Employee.test.test_views.TestEmployeeViews" name="test_register_address_validation_POST" /><testcase time="0.015646" classname="Employee.test.test_views.TestEmployeeViews" name="test_register_name_validation_POST" /><testcase time="0.015625" classname="Employee.test.test_views.TestEmployeeViews" name="test_update" /><testcase time="0.031261" classname="Employee.test.test_views.TestEmployeeViews" name="test_update_address_validation" /><testcase time="0.031261" classname="Employee.test.test_views.TestEmployeeViews" name="test_update_name_validation" /><testcase time="0.015613" classname="Management.test.test_models.TestManagementModels" name="test_dailyAttendance" /><testcase time="0.000000" classname="Management.test.test_models.TestManagementModels" name="test_empAttendance" /><testcase time="0.000000" classname="Management.test.test_models.TestManagementModels" name="test_totalattenndance" /><testcase time="0.031252" classname="Management.test.test_views.TestManagementViews" name="test_HRAttendance" /><testcase time="0.015622" classname="Management.test.test_views.TestManagementViews" name="test_achievements" /><testcase time="0.015588" classname="Management.test.test_views.TestManagementViews" name="test_adventures" /><testcase time="0.046871" classname="Management.test.test_views.TestManagementViews" name="test_attendance" /><testcase time="0.062529" classname="Management.test.test_views.TestManagementViews" name="test_attendanceIn" /><testcase time="0.046845" classname="Management.test.test_views.TestManagementViews" name="test_attendanceOut" /><testcase time="0.000000" classname="Management.test.test_views.TestManagementViews" name="test_base" /><testcase time="0.000000" classname="Management.test.test_views.TestManagementViews" name="test_dashboard" /><testcase time="0.015623" classname="Management.test.test_views.TestManagementViews" name="test_dashboard_POST" /><testcase time="0.000000" classname="Management.test.test_views.TestManagementViews" name="test_employeeLogin_GET" /><testcase time="0.031226" classname="Management.test.test_views.TestManagementViews" name="test_employeeLogin_fail_POST" /><testcase time="0.031250" classname="Management.test.test_views.TestManagementViews" name="test_employeeLogin_pass_POST" /><testcase time="0.000000" classname="Management.test.test_views.TestManagementViews" name="test_login_GET" /><testcase time="0.000000" classname="Management.test.test_views.TestManagementViews" name="test_login_fail_POST" /><testcase time="0.000000" classname="Management.test.test_views.TestManagementViews" name="test_login_pass_POST" /><testcase time="0.000000" classname="Management.test.test_views.TestManagementViews" name="test_logout" /><testcase time="0.015643" classname="Management.test.test_views.TestManagementViews" name="test_team" /></testsuite>